[1] "Regions: 1"
[1] "Regions: 2"
[1] "Regions: 3"
  Region         Z
1      1 0.6933232
2      2 0.4972803
3      3 0.2324865
[1] "Regions: 1"
[1] "Regions: 2"
[1] "Regions: 3"
[1] "Regions: 4"
[1] "Regions: 5"
  Region         Z
1      1 0.7321041
2      2 0.6046907
3      3 0.5175244
4      4 0.3341970
5      5 0.1810121
[1] "Regions: 1"
[1] "Regions: 2"
[1] "Regions: 3"
[1] "Regions: 4"
[1] "Regions: 5"
[1] "Regions: 6"
[1] "Regions: 7"
[1] "Regions: 8"
[1] "Regions: 9"
[1] "Regions: 10"
   Region         Z
1       1 0.7499740
2       2 0.7151188
3       3 0.6478843
4       4 0.5595996
5       5 0.5516473
6       6 0.4819969
7       7 0.3884825
8       8 0.2862681
9       9 0.2012631
10     10 0.1583503
