Archivo: Exp_Phen_vs_Regions_10.12.csv 
# A tibble: 10 × 3
   Region media_Phen     n
   <fct>       <dbl> <int>
 1 1           0.559   376
 2 2           0.519   412
 3 3           0.539   443
 4 4           0.512   384
 5 5           0.555   411
 6 6           0.571   410
 7 7           0.511   409
 8 8           0.572   437
 9 9           0.565   378
10 10          0.567   426
Archivo: Exp_Phen_vs_Regions_3.12.csv 
# A tibble: 3 × 3
  Region media_Phen     n
  <fct>       <dbl> <int>
1 1           0.535  1365
2 2           0.542  1347
3 3           0.565  1375
Archivo: Exp_Phen_vs_Regions_5.12.csv 
# A tibble: 5 × 3
  Region media_Phen     n
  <fct>       <dbl> <int>
1 1           0.538   788
2 2           0.527   827
3 3           0.563   821
4 4           0.543   846
5 5           0.566   804
null device 
          1 
